// Jest Snapshot v1, https://goo.gl/fbAQLP

exports[`Search renders correctly 1`] = `
<DocumentFragment>
  <form>
    <div
      class="search"
    >
      <label>
        <input
          class="input"
          id="ingredient"
          name="ingredient"
          placeholder="Enter your ingredients"
          type="text"
        />
      </label>
      <button
        class="search-button"
        type="submit"
      >
        Search
      </button>
    </div>
  </form>
</DocumentFragment>
`;
